smash> smash> smash> smash> smash> smash> smash> smash> [1] sleep 100&
[2] sleep 200&
[3] sleep 300&
[4] sleep 400&
[5] sleep 500&
[6] sleep 600&
[7] sleep 700&
smash> smash> smash> [1] sleep 100&
[2] sleep 200&
[3] sleep 300&
[4] sleep 400&
[5] sleep 500&
[6] sleep 600&
[7] sleep 700&
[8] sleep 800&
[9] sleep 900&
smash> signal number 9 was sent to pid 51404
smash> [1] sleep 100&
[2] sleep 200&
[4] sleep 400&
[5] sleep 500&
[6] sleep 600&
[7] sleep 700&
[8] sleep 800&
[9] sleep 900&
smash> smash> [1] sleep 100&
[2] sleep 200&
[4] sleep 400&
[5] sleep 500&
[6] sleep 600&
[7] sleep 700&
[8] sleep 800&
[9] sleep 900&
[10] sleep 1000&
smash> signal number 9 was sent to pid 51759
smash> [1] sleep 100&
[2] sleep 200&
[4] sleep 400&
[5] sleep 500&
[6] sleep 600&
[7] sleep 700&
[8] sleep 800&
[9] sleep 900&
smash> smash> [1] sleep 100&
[2] sleep 200&
[4] sleep 400&
[5] sleep 500&
[6] sleep 600&
[7] sleep 700&
[8] sleep 800&
[9] sleep 900&
[10] sleep 1001&
smash> sleep 1001& 51838
smash: got ctrl-C
smash: process 51838 was killed
smash> [1] sleep 100&
[2] sleep 200&
[4] sleep 400&
[5] sleep 500&
[6] sleep 600&
[7] sleep 700&
[8] sleep 800&
[9] sleep 900&
smash> sleep 900& 51410
smash: got ctrl-C
smash: process 51410 was killed
smash> [1] sleep 100&
[2] sleep 200&
[4] sleep 400&
[5] sleep 500&
[6] sleep 600&
[7] sleep 700&
[8] sleep 800&
smash> sleep 800& 51409
smash: got ctrl-C
smash: process 51409 was killed
smash> [1] sleep 100&
[2] sleep 200&
[4] sleep 400&
[5] sleep 500&
[6] sleep 600&
[7] sleep 700&
smash> sleep 700& 51408
smash: got ctrl-C
smash: process 51408 was killed
smash> [1] sleep 100&
[2] sleep 200&
[4] sleep 400&
[5] sleep 500&
[6] sleep 600&
smash> smash: got ctrl-C
[1] sleep 100&
[2] sleep 200&
[4] sleep 400&
[5] sleep 500&
[6] sleep 600&
smash> smash: got ctrl-C
smash: process 51941 was killed
smash> [1] sleep 100&
[2] sleep 200&
[4] sleep 400&
[5] sleep 500&
[6] sleep 600&
smash> smash: got ctrl-C
smash: process 52097 was killed
smash> smash> smash: got ctrl-C
smash: got ctrl-C
smash: got ctrl-C
smash: got ctrl-C
[1] sleep 100&
[2] sleep 200&
[4] sleep 400&
[5] sleep 500&
[6] sleep 600&
smash> smash: got ctrl-C
smash: process 52393 was killed
smash> smash: got ctrl-C
smash: process 52414 was killed
smash> smash: got ctrl-C
smash: process 52433 was killed
smash> smash> smash: got ctrl-C
smash> smash: got ctrl-C
smash> smash: got ctrl-C
[1] sleep 100&
[2] sleep 200&
[4] sleep 400&
[5] sleep 500&
[6] sleep 600&
smash> smash> smash: got ctrl-C
smash> smash: got ctrl-C
smash> smash: got ctrl-C
smash> smash: got ctrl-C
smash> [1] sleep 100&
[2] sleep 200&
[4] sleep 400&
[5] sleep 500&
[6] sleep 600&
smash> [1] sleep 100&
[2] sleep 200&
[4] sleep 400&
[5] sleep 500&
[6] sleep 600&
smash> [1] sleep 100&
[2] sleep 200&
[4] sleep 400&
[5] sleep 500&
[6] sleep 600&
smash> signal number 9 was sent to pid 51402
smash> smash> [2] sleep 200&
[4] sleep 400&
[5] sleep 500&
[6] sleep 600&
smash> signal number 9 was sent to pid 51403
smash> signal number 9 was sent to pid 51405
smash> smash> smash: got ctrl-C
smash> smash: got ctrl-C
[5] sleep 500&
[6] sleep 600&
smash> smash> [5] sleep 500&
[6] sleep 600&
[7] sleep 3&
smash> [5] sleep 500&
[6] sleep 600&
smash> [5] sleep 500&
[6] sleep 600&
smash> [5] sleep 500&
[6] sleep 600&
smash> [5] sleep 500&
[6] sleep 600&
smash> sleep 600& 51407
smash: got ctrl-C
smash: process 51407 was killed
smash> [5] sleep 500&
smash> sleep 500& 51406
smash: got ctrl-C
smash: process 51406 was killed
smash> smash> smash> smash: got ctrl-C
smash> smash> [1] sleep 777&
smash> smash: got ctrl-C
smash: process 53162 was killed
smash> smash: got ctrl-C
smash: process 53188 was killed
smash> smash> [1] sleep 777&
[2] sleep 100&
smash> sleep 100& 53209
smash: got ctrl-C
smash: process 53209 was killed
smash> smash: sending SIGKILL signal to 1 jobs:
53161: sleep 777&
