smash> smash> smash> sleep 1& 24701
smash> smash> 