smash> smash> smash> smash> smash> smash> [1] sleep 100&
smash> smash: sending SIGKILL signal to 1 jobs:
51936: sleep 100&
