smash> smash> smash> smash: sending SIGKILL signal to 2 jobs:
51685: sleep 10000&
51686: sleep 10000&
