smash> smash pid is 51755
smash> smash pid is 51755
smash> smash pid is 51755
smash> 