smash> smash pid is 34146
smash> smash pid is 34146
smash> smash> smash> smash> smash pid is 34146
smash> smash> 