smash> smash> smash> signal number 1 was sent to pid 51615
smash> smash> smash: sending SIGKILL signal to 0 jobs:
