smash> smash> smash> smash> smash> smash> smash> smash> smash> smash> smash> smash: sending SIGKILL signal to 1 jobs:
24762: sleep 4&
