smash> smash> smash> smash> smash> smash pid is 51729
smash pid is 51729
smash pid is 51729
smash pid is 51729
smash> smash> smash pid is 51729
smash> smash: sending SIGKILL signal to 0 jobs:
