smash> smash> smash> [1] sleep 10&
smash> smash> [1] sleep 10&
[2] sleep 20&
smash> smash> smash> [1] sleep 10&
[2] sleep 20&
[3] sleep 30&
[4] sleep 40&
smash> smash: sending SIGKILL signal to 4 jobs:
51588: sleep 10&
51589: sleep 20&
51590: sleep 30&
51591: sleep 40&
