smash> smash> smash> smash> smash> smash> smash> smash> smash> smash> smash> smash> smash> smash> signal number 9 was sent to pid 51425
smash> smash> smash> smash> smash> [1] sleep 7&
smash> smash> [1] sleep 7&
[2] sleep 5&
smash> smash> [1] sleep 7&
[2] sleep 5&
[3] sleep 3&
smash> smash> smash> smash> smash> [1] sleep 10 &
smash> signal number 9 was sent to pid 52309
smash> smash> smash> smash> smash: got ctrl-C
smash: process 52578 was killed
smash> [1] sleep 5&
[2]           sleep        10   &
smash> signal number 9 was sent to pid 52486
smash> [2]           sleep        10   &
smash> signal number 9 was sent to pid 52528
smash> smash> smash> smash> smash: got ctrl-C
smash: process 52769 was killed
smash> signal number 9 was sent to pid 52768
smash> smash: sending SIGKILL signal to 0 jobs:
