smash> smash> smash pid is 24855
smash> smash: sending SIGKILL signal to 0 jobs:
