smash> smash> smash> smash> smash> test_redirect
smash> smash> again_redirect
smash> smash> again_redirect
test_redirect
smash> smash> smash pid is 27602
smash> smash> smash pid is 27602
smash pid is 27602
smash> smash> smash pid is 27602
smash> mypid
new
smash> smash> smash> [1] sleep 100&
smash> smash> smash> smash> smash> k
mypid
new
s
t
smash> smash> k
mypid
new
p
s
t
smash> k
mypid
new
p
s
t
smash> k
mypid
new
p
s
t
smash> k
mypid
new
p
s
t
smash> before
smash> again_redirect
test_redirect
smash> smash> k
mypid
new
p
s
t
smash> smash> k
mypid
p
s
t
smash> smash> k
mypid
new
p
s
t
smash> k
mypid
new
p
s
t
smash> smash> smash> k
mypid
new
p
s
t
smash> k
mypid
new
p
s
t
smash> smash> smash> k
mypid
new
p
s
t
smash> smash> smash> k
mypid
new
p
s
t
test
smash> smash> smash> smash> smash> smash: sending SIGKILL signal to 1 jobs:
27615: sleep 100&
