smash> smash> smash> smash> smash: sending SIGKILL signal to 1 jobs:
51676: sleep 100000&
